../Core/Src/dxl_2_0.c:39:9:calculate_checksum_1_0	24	static
../Core/Src/dxl_2_0.c:47:16:update_crc	24	static
../Core/Src/dxl_2_0.c:58:6:uart_transmit_packet	16	static
../Core/Src/dxl_2_0.c:71:10:clc_speed_1	16	static
../Core/Src/dxl_2_0.c:86:6:send_sync_write_2_joints	160	static
../Core/Src/dxl_2_0.c:130:6:send_sync_write_1_wheel	104	static
../Core/Src/dxl_2_0.c:160:6:send_sync_torque_mx	160	static
../Core/Src/dxl_2_0.c:199:6:send_sync_torque_ax	104	static
../Core/Src/dxl_2_0.c:230:6:dxl_torque_set	16	static
../Core/Src/dxl_2_0.c:243:6:DXL_Emergency_All_Off	8	static
