../Core/Src/stm32h7xx_it.c:74:6:NMI_Handler	4	static
../Core/Src/stm32h7xx_it.c:87:6:HardFault_Handler	4	static
../Core/Src/stm32h7xx_it.c:100:6:MemManage_Handler	4	static
../Core/Src/stm32h7xx_it.c:113:6:BusFault_Handler	4	static
../Core/Src/stm32h7xx_it.c:126:6:UsageFault_Handler	4	static
../Core/Src/stm32h7xx_it.c:139:6:SVC_Handler	4	static
../Core/Src/stm32h7xx_it.c:151:6:DebugMon_Handler	4	static
../Core/Src/stm32h7xx_it.c:163:6:PendSV_Handler	4	static
../Core/Src/stm32h7xx_it.c:175:6:SysTick_Handler	8	static
../Core/Src/stm32h7xx_it.c:195:6:DMA1_Stream0_IRQHandler	8	static
../Core/Src/stm32h7xx_it.c:208:6:DMA1_Stream1_IRQHandler	8	static
../Core/Src/stm32h7xx_it.c:221:6:DMA1_Stream2_IRQHandler	8	static
../Core/Src/stm32h7xx_it.c:234:6:USART2_IRQHandler	8	static
../Core/Src/stm32h7xx_it.c:248:6:USART3_IRQHandler	8	static
../Core/Src/stm32h7xx_it.c:261:6:EXTI15_10_IRQHandler	8	static
../Core/Src/stm32h7xx_it.c:275:6:HAL_GPIO_EXTI_Callback	16	static
